I'm sorry, but errors were detected in your script. Please correct the
errors listed below, and try again.


File "game/script.rpy", line 30: Line is indented, but the preceding one-line python statement statement does not expect a block. Please check this line's indentation.
    while sp > 0:
    ^

Ren'Py Version: Ren'Py 7.4.4.1439
Sat Apr 24 07:54:16 2021
